// Jest Snapshot v1, https://goo.gl/fbAQLP

exports[`home-page.vue home-page matches snapshot test. 1`] = `
VueWrapper {
  "_emitted": Object {},
  "_emittedByOrder": Array [],
  "isFunctionalComponent": undefined,
}
`;
